00:00 +0: loading C:/Users/aleji/git/incauca/APP/client/test/features/filters/list/views/filter_list_view_test.dart
00:00 +0: (setUpAll)
00:00 +0: renders FilterListView and shows loading indicator
ÔòÉÔòÉÔòí EXCEPTION CAUGHT BY WIDGETS LIBRARY Ôò×ÔòÉÔòÉÔòÉÔòÉÔòÉÔòÉÔòÉÔòÉÔòÉÔòÉÔòÉÔòÉÔòÉÔòÉÔòÉÔòÉÔòÉÔòÉÔòÉÔòÉÔòÉÔòÉÔòÉÔòÉÔòÉÔòÉÔòÉÔòÉÔòÉÔòÉÔòÉÔòÉÔòÉÔòÉÔòÉÔòÉÔòÉÔòÉÔòÉÔòÉÔòÉÔòÉÔòÉÔòÉÔòÉÔòÉÔòÉÔòÉÔòÉÔòÉÔòÉÔòÉÔòÉÔòÉÔòÉÔòÉÔòÉÔòÉÔòÉ
The following ProviderNotFoundException was thrown building NotificationsView:
Error: Could not find the correct Provider<NotificationsBloc> above this
BlocBuilder<NotificationsBloc, NotificationsState> Widget

This happens because you used a `BuildContext` that does not include the provider
of your choice. There are a few common scenarios:

- You added a new provider in your `main.dart` and performed a hot-reload.
  To fix, perform a hot-restart.

- The provider you are trying to read is in a different route.

  Providers are "scoped". So if you insert of provider inside a route, then
  other routes will not be able to access that provider.

- You used a `BuildContext` that is an ancestor of the provider you are trying to read.

  Make sure that BlocBuilder<NotificationsBloc, NotificationsState> is under your
MultiProvider/Provider<NotificationsBloc>.
  This usually happens when you are creating a provider and trying to read it immediately.

  For example, instead of:

  ```
  Widget build(BuildContext context) {
    return Provider<Example>(
      create: (_) => Example(),
      // Will throw a ProviderNotFoundError, because `context` is associated
      // to the widget that is the parent of `Provider<Example>`
      child: Text(context.watch<Example>().toString()),
    );
  }
  ```

  consider using `builder` like so:

  ```
  Widget build(BuildContext context) {
    return Provider<Example>(
      create: (_) => Example(),
      // we use `builder` to obtain a new `BuildContext` that has access to the provider
      builder: (context, child) {
        // No longer throws
        return Text(context.watch<Example>().toString());
      }
    );
  }
  ```

If none of these solutions work, consider asking for help on StackOverflow:
https://stackoverflow.com/questions/tagged/flutter

The relevant error-causing widget was:
  NotificationsView
  NotificationsView:file:///C:/Users/aleji/git/incauca/APP/client/lib/features/filters/list/views/filter_list_view.dart:235:21

When the exception was thrown, this was the stack:
#0      Provider._inheritedElementOf (package:provider/src/provider.dart:377:7)
#1      Provider.of (package:provider/src/provider.dart:327:30)
#2      ReadContext.read (package:provider/src/provider.dart:683:21)
#3      _BlocBuilderBaseState.initState (package:flutter_bloc/src/bloc_builder.dart:152:36)
#4      StatefulElement._firstBuild (package:flutter/src/widgets/framework.dart:5852:55)
#5      ComponentElement.mount (package:flutter/src/widgets/framework.dart:5699:5)
...     Normal element mounting (45 frames)
#50     Element.inflateWidget (package:flutter/src/widgets/framework.dart:4548:16)
#51     MultiChildRenderObjectElement.inflateWidget (package:flutter/src/widgets/framework.dart:7169:36)
#52     MultiChildRenderObjectElement.mount (package:flutter/src/widgets/framework.dart:7185:32)
...     Normal element mounting (31 frames)
#83     Element.inflateWidget (package:flutter/src/widgets/framework.dart:4548:16)
#84     MultiChildRenderObjectElement.inflateWidget (package:flutter/src/widgets/framework.dart:7169:36)
#85     MultiChildRenderObjectElement.mount (package:flutter/src/widgets/framework.dart:7185:32)
...     Normal element mounting (113 frames)
#198    SingleChildWidgetElementMixin.mount (package:nested/nested.dart:222:11)
...     Normal element mounting (23 frames)
#221    _InheritedProviderScopeElement.mount (package:provider/src/inherited_provider.dart:424:11)
...     Normal element mounting (7 frames)
#228    SingleChildWidgetElementMixin.mount (package:nested/nested.dart:222:11)
...     Normal element mounting (7 frames)
#235    SingleChildWidgetElementMixin.mount (package:nested/nested.dart:222:11)
...     Normal element mounting (234 frames)
#469    Element.inflateWidget (package:flutter/src/widgets/framework.dart:4548:16)
#470    MultiChildRenderObjectElement.inflateWidget (package:flutter/src/widgets/framework.dart:7169:36)
#471    MultiChildRenderObjectElement.mount (package:flutter/src/widgets/framework.dart:7185:32)
...     Normal element mounting (471 frames)
#942    _InheritedProviderScopeElement.mount (package:provider/src/inherited_provider.dart:424:11)
...     Normal element mounting (7 frames)
#949    SingleChildWidgetElementMixin.mount (package:nested/nested.dart:222:11)
...     Normal element mounting (7 frames)
#956    SingleChildWidgetElementMixin.mount (package:nested/nested.dart:222:11)
...     Normal element mounting (7 frames)
#963    _NestedHookElement.mount (package:nested/nested.dart:187:11)
...     Normal element mounting (7 frames)
#970    SingleChildWidgetElementMixin.mount (package:nested/nested.dart:222:11)
#971    Element.inflateWidget (package:flutter/src/widgets/framework.dart:4548:16)
#972    Element.updateChild (package:flutter/src/widgets/framework.dart:3998:20)
#973    ComponentElement.performRebuild (package:flutter/src/widgets/framework.dart:5747:16)
#974    Element.rebuild (package:flutter/src/widgets/framework.dart:5435:7)
#975    ProxyElement.update (package:flutter/src/widgets/framework.dart:6051:5)
#976    _InheritedNotifierElement.update (package:flutter/src/widgets/inherited_notifier.dart:108:11)
#977    Element.updateChild (package:flutter/src/widgets/framework.dart:3982:15)
#978    ComponentElement.performRebuild (package:flutter/src/widgets/framework.dart:5747:16)
#979    StatefulElement.performRebuild (package:flutter/src/widgets/framework.dart:5884:11)
#980    Element.rebuild (package:flutter/src/widgets/framework.dart:5435:7)
#981    StatefulElement.update (package:flutter/src/widgets/framework.dart:5909:5)
#982    Element.updateChild (package:flutter/src/widgets/framework.dart:3982:15)
#983    ComponentElement.performRebuild (package:flutter/src/widgets/framework.dart:5747:16)
#984    Element.rebuild (package:flutter/src/widgets/framework.dart:5435:7)
#985    ProxyElement.update (package:flutter/src/widgets/framework.dart:6051:5)
#986    _InheritedNotifierElement.update (package:flutter/src/widgets/inherited_notifier.dart:108:11)
#987    Element.updateChild (package:flutter/src/widgets/framework.dart:3982:15)
#988    ComponentElement.performRebuild (package:flutter/src/widgets/framework.dart:5747:16)
#989    StatefulElement.performRebuild (package:flutter/src/widgets/framework.dart:5884:11)
#990    Element.rebuild (package:flutter/src/widgets/framework.dart:5435:7)
#991    StatefulElement.update (package:flutter/src/widgets/framework.dart:5909:5)
#992    Element.updateChild (package:flutter/src/widgets/framework.dart:3982:15)
#993    ComponentElement.performRebuild (package:flutter/src/widgets/framework.dart:5747:16)
#994    StatefulElement.performRebuild (package:flutter/src/widgets/framework.dart:5884:11)
#995    Element.rebuild (package:flutter/src/widgets/framework.dart:5435:7)
#996    StatefulElement.update (package:flutter/src/widgets/framework.dart:5909:5)
#997    Element.updateChild (package:flutter/src/widgets/framework.dart:3982:15)
#998    ComponentElement.performRebuild (package:flutter/src/widgets/framework.dart:5747:16)
#999    Element.rebuild (package:flutter/src/widgets/framework.dart:5435:7)
#1000   ProxyElement.update (package:flutter/src/widgets/framework.dart:6051:5)
#1001   Element.updateChild (package:flutter/src/widgets/framework.dart:3982:15)
#1002   ComponentElement.performRebuild (package:flutter/src/widgets/framework.dart:5747:16)
#1003   StatefulElement.performRebuild (package:flutter/src/widgets/framework.dart:5884:11)
#1004   Element.rebuild (package:flutter/src/widgets/framework.dart:5435:7)
#1005   StatefulElement.update (package:flutter/src/widgets/framework.dart:5909:5)
#1006   Element.updateChild (package:flutter/src/widgets/framework.dart:3982:15)
#1007   ComponentElement.performRebuild (package:flutter/src/widgets/framework.dart:5747:16)
#1008   Element.rebuild (package:flutter/src/widgets/framework.dart:5435:7)
#1009   ProxyElement.update (package:flutter/src/widgets/framework.dart:6051:5)
#1010   Element.updateChild (package:flutter/src/widgets/framework.dart:3982:15)
#1011   ComponentElement.performRebuild (package:flutter/src/widgets/framework.dart:5747:16)
#1012   Element.rebuild (package:flutter/src/widgets/framework.dart:5435:7)
#1013   ProxyElement.update (package:flutter/src/widgets/framework.dart:6051:5)
#1014   Element.updateChild (package:flutter/src/widgets/framework.dart:3982:15)
#1015   _RawViewElement._updateChild (package:flutter/src/widgets/view.dart:481:16)
#1016   _RawViewElement.update (package:flutter/src/widgets/view.dart:568:5)
#1017   Element.updateChild (package:flutter/src/widgets/framework.dart:3982:15)
#1018   ComponentElement.performRebuild (package:flutter/src/widgets/framework.dart:5747:16)
#1019   Element.rebuild (package:flutter/src/widgets/framework.dart:5435:7)
#1020   StatelessElement.update (package:flutter/src/widgets/framework.dart:5797:5)
#1021   Element.updateChild (package:flutter/src/widgets/framework.dart:3982:15)
#1022   ComponentElement.performRebuild (package:flutter/src/widgets/framework.dart:5747:16)
#1023   StatefulElement.performRebuild (package:flutter/src/widgets/framework.dart:5884:11)
#1024   Element.rebuild (package:flutter/src/widgets/framework.dart:5435:7)
#1025   StatefulElement.update (package:flutter/src/widgets/framework.dart:5909:5)
#1026   Element.updateChild (package:flutter/src/widgets/framework.dart:3982:15)
#1027   RootElement._rebuild (package:flutter/src/widgets/binding.dart:1716:16)
#1028   RootElement.update (package:flutter/src/widgets/binding.dart:1694:5)
#1029   RootElement.performRebuild (package:flutter/src/widgets/binding.dart:1708:7)
#1030   Element.rebuild (package:flutter/src/widgets/framework.dart:5435:7)
#1031   BuildScope._tryRebuild (package:flutter/src/widgets/framework.dart:2695:15)
#1032   BuildScope._flushDirtyElements (package:flutter/src/widgets/framework.dart:2752:11)
#1033   BuildOwner.buildScope (package:flutter/src/widgets/framework.dart:3056:18)
#1034   AutomatedTestWidgetsFlutterBinding.drawFrame (package:flutter_test/src/binding.dart:1506:19)
#1035   RendererBinding._handlePersistentFrameCallback (package:flutter/src/rendering/binding.dart:495:5)
#1036   SchedulerBinding._invokeFrameCallback (package:flutter/src/scheduler/binding.dart:1434:15)
#1037   SchedulerBinding.handleDrawFrame (package:flutter/src/scheduler/binding.dart:1347:9)
#1038   AutomatedTestWidgetsFlutterBinding.pump.<anonymous closure> (package:flutter_test/src/binding.dart:1335:9)
#1041   TestAsyncUtils.guard (package:flutter_test/src/test_async_utils.dart:74:41)
#1042   AutomatedTestWidgetsFlutterBinding.pump (package:flutter_test/src/binding.dart:1324:27)
#1043   WidgetTester.pumpWidget.<anonymous closure> (package:flutter_test/src/widget_tester.dart:598:22)
#1046   TestAsyncUtils.guard (package:flutter_test/src/test_async_utils.dart:74:41)
#1047   WidgetTester.pumpWidget (package:flutter_test/src/widget_tester.dart:595:27)
#1048   main.<anonymous closure> (file:///C:/Users/aleji/git/incauca/APP/client/test/features/filters/list/views/filter_list_view_test.dart:62:18)
#1049   testWidgets.<anonymous closure>.<anonymous closure> (package:flutter_test/src/widget_tester.dart:192:29)
<asynchronous suspension>
#1050   TestWidgetsFlutterBinding._runTestBody (package:flutter_test/src/binding.dart:1059:5)
<asynchronous suspension>
<asynchronous suspension>
(elided 5 frames from dart:async and package:stack_trace)

ÔòÉÔòÉÔòÉÔòÉÔòÉÔòÉÔòÉÔòÉÔòÉÔòÉÔòÉÔòÉÔòÉÔòÉÔòÉÔòÉÔòÉÔòÉÔòÉÔòÉÔòÉÔòÉÔòÉÔòÉÔòÉÔòÉÔòÉÔòÉÔòÉÔòÉÔòÉÔòÉÔòÉÔòÉÔòÉÔòÉÔòÉÔòÉÔòÉÔòÉÔòÉÔòÉÔòÉÔòÉÔòÉÔòÉÔòÉÔòÉÔòÉÔòÉÔòÉÔòÉÔòÉÔòÉÔòÉÔòÉÔòÉÔòÉÔòÉÔòÉÔòÉÔòÉÔòÉÔòÉÔòÉÔòÉÔòÉÔòÉÔòÉÔòÉÔòÉÔòÉÔòÉÔòÉÔòÉÔòÉÔòÉÔòÉÔòÉÔòÉÔòÉÔòÉÔòÉÔòÉÔòÉÔòÉÔòÉÔòÉÔòÉÔòÉÔòÉÔòÉÔòÉÔòÉÔòÉÔòÉÔòÉÔòÉÔòÉÔòÉ
00:00 +0 -1: renders FilterListView and shows loading indicator [E]
  Test failed. See exception logs above.
  The test description was: renders FilterListView and shows loading indicator
  
00:00 +0 -1: shows error message when state has error
ÔòÉÔòÉÔòí EXCEPTION CAUGHT BY WIDGETS LIBRARY Ôò×ÔòÉÔòÉÔòÉÔòÉÔòÉÔòÉÔòÉÔòÉÔòÉÔòÉÔòÉÔòÉÔòÉÔòÉÔòÉÔòÉÔòÉÔòÉÔòÉÔòÉÔòÉÔòÉÔòÉÔòÉÔòÉÔòÉÔòÉÔòÉÔòÉÔòÉÔòÉÔòÉÔòÉÔòÉÔòÉÔòÉÔòÉÔòÉÔòÉÔòÉÔòÉÔòÉÔòÉÔòÉÔòÉÔòÉÔòÉÔòÉÔòÉÔòÉÔòÉÔòÉÔòÉÔòÉÔòÉÔòÉÔòÉÔòÉÔòÉ
The following ProviderNotFoundException was thrown building NotificationsView:
Error: Could not find the correct Provider<NotificationsBloc> above this
BlocBuilder<NotificationsBloc, NotificationsState> Widget

This happens because you used a `BuildContext` that does not include the provider
of your choice. There are a few common scenarios:

- You added a new provider in your `main.dart` and performed a hot-reload.
  To fix, perform a hot-restart.

- The provider you are trying to read is in a different route.

  Providers are "scoped". So if you insert of provider inside a route, then
  other routes will not be able to access that provider.

- You used a `BuildContext` that is an ancestor of the provider you are trying to read.

  Make sure that BlocBuilder<NotificationsBloc, NotificationsState> is under your
MultiProvider/Provider<NotificationsBloc>.
  This usually happens when you are creating a provider and trying to read it immediately.

  For example, instead of:

  ```
  Widget build(BuildContext context) {
    return Provider<Example>(
      create: (_) => Example(),
      // Will throw a ProviderNotFoundError, because `context` is associated
      // to the widget that is the parent of `Provider<Example>`
      child: Text(context.watch<Example>().toString()),
    );
  }
  ```

  consider using `builder` like so:

  ```
  Widget build(BuildContext context) {
    return Provider<Example>(
      create: (_) => Example(),
      // we use `builder` to obtain a new `BuildContext` that has access to the provider
      builder: (context, child) {
        // No longer throws
        return Text(context.watch<Example>().toString());
      }
    );
  }
  ```

If none of these solutions work, consider asking for help on StackOverflow:
https://stackoverflow.com/questions/tagged/flutter

The relevant error-causing widget was:
  NotificationsView
  NotificationsView:file:///C:/Users/aleji/git/incauca/APP/client/lib/features/filters/list/views/filter_list_view.dart:235:21

When the exception was thrown, this was the stack:
#0      Provider._inheritedElementOf (package:provider/src/provider.dart:377:7)
#1      Provider.of (package:provider/src/provider.dart:327:30)
#2      ReadContext.read (package:provider/src/provider.dart:683:21)
#3      _BlocBuilderBaseState.initState (package:flutter_bloc/src/bloc_builder.dart:152:36)
#4      StatefulElement._firstBuild (package:flutter/src/widgets/framework.dart:5852:55)
#5      ComponentElement.mount (package:flutter/src/widgets/framework.dart:5699:5)
...     Normal element mounting (45 frames)
#50     Element.inflateWidget (package:flutter/src/widgets/framework.dart:4548:16)
#51     MultiChildRenderObjectElement.inflateWidget (package:flutter/src/widgets/framework.dart:7169:36)
#52     MultiChildRenderObjectElement.mount (package:flutter/src/widgets/framework.dart:7185:32)
...     Normal element mounting (31 frames)
#83     Element.inflateWidget (package:flutter/src/widgets/framework.dart:4548:16)
#84     MultiChildRenderObjectElement.inflateWidget (package:flutter/src/widgets/framework.dart:7169:36)
#85     MultiChildRenderObjectElement.mount (package:flutter/src/widgets/framework.dart:7185:32)
...     Normal element mounting (113 frames)
#198    SingleChildWidgetElementMixin.mount (package:nested/nested.dart:222:11)
...     Normal element mounting (23 frames)
#221    _InheritedProviderScopeElement.mount (package:provider/src/inherited_provider.dart:424:11)
...     Normal element mounting (7 frames)
#228    SingleChildWidgetElementMixin.mount (package:nested/nested.dart:222:11)
...     Normal element mounting (7 frames)
#235    SingleChildWidgetElementMixin.mount (package:nested/nested.dart:222:11)
...     Normal element mounting (234 frames)
#469    Element.inflateWidget (package:flutter/src/widgets/framework.dart:4548:16)
#470    MultiChildRenderObjectElement.inflateWidget (package:flutter/src/widgets/framework.dart:7169:36)
#471    MultiChildRenderObjectElement.mount (package:flutter/src/widgets/framework.dart:7185:32)
...     Normal element mounting (471 frames)
#942    _InheritedProviderScopeElement.mount (package:provider/src/inherited_provider.dart:424:11)
...     Normal element mounting (7 frames)
#949    SingleChildWidgetElementMixin.mount (package:nested/nested.dart:222:11)
...     Normal element mounting (7 frames)
#956    SingleChildWidgetElementMixin.mount (package:nested/nested.dart:222:11)
...     Normal element mounting (7 frames)
#963    _NestedHookElement.mount (package:nested/nested.dart:187:11)
...     Normal element mounting (7 frames)
#970    SingleChildWidgetElementMixin.mount (package:nested/nested.dart:222:11)
#971    Element.inflateWidget (package:flutter/src/widgets/framework.dart:4548:16)
#972    Element.updateChild (package:flutter/src/widgets/framework.dart:3998:20)
#973    ComponentElement.performRebuild (package:flutter/src/widgets/framework.dart:5747:16)
#974    Element.rebuild (package:flutter/src/widgets/framework.dart:5435:7)
#975    ProxyElement.update (package:flutter/src/widgets/framework.dart:6051:5)
#976    _InheritedNotifierElement.update (package:flutter/src/widgets/inherited_notifier.dart:108:11)
#977    Element.updateChild (package:flutter/src/widgets/framework.dart:3982:15)
#978    ComponentElement.performRebuild (package:flutter/src/widgets/framework.dart:5747:16)
#979    StatefulElement.performRebuild (package:flutter/src/widgets/framework.dart:5884:11)
#980    Element.rebuild (package:flutter/src/widgets/framework.dart:5435:7)
#981    StatefulElement.update (package:flutter/src/widgets/framework.dart:5909:5)
#982    Element.updateChild (package:flutter/src/widgets/framework.dart:3982:15)
#983    ComponentElement.performRebuild (package:flutter/src/widgets/framework.dart:5747:16)
#984    Element.rebuild (package:flutter/src/widgets/framework.dart:5435:7)
#985    ProxyElement.update (package:flutter/src/widgets/framework.dart:6051:5)
#986    _InheritedNotifierElement.update (package:flutter/src/widgets/inherited_notifier.dart:108:11)
#987    Element.updateChild (package:flutter/src/widgets/framework.dart:3982:15)
#988    ComponentElement.performRebuild (package:flutter/src/widgets/framework.dart:5747:16)
#989    StatefulElement.performRebuild (package:flutter/src/widgets/framework.dart:5884:11)
#990    Element.rebuild (package:flutter/src/widgets/framework.dart:5435:7)
#991    StatefulElement.update (package:flutter/src/widgets/framework.dart:5909:5)
#992    Element.updateChild (package:flutter/src/widgets/framework.dart:3982:15)
#993    ComponentElement.performRebuild (package:flutter/src/widgets/framework.dart:5747:16)
#994    StatefulElement.performRebuild (package:flutter/src/widgets/framework.dart:5884:11)
#995    Element.rebuild (package:flutter/src/widgets/framework.dart:5435:7)
#996    StatefulElement.update (package:flutter/src/widgets/framework.dart:5909:5)
#997    Element.updateChild (package:flutter/src/widgets/framework.dart:3982:15)
#998    ComponentElement.performRebuild (package:flutter/src/widgets/framework.dart:5747:16)
#999    Element.rebuild (package:flutter/src/widgets/framework.dart:5435:7)
#1000   ProxyElement.update (package:flutter/src/widgets/framework.dart:6051:5)
#1001   Element.updateChild (package:flutter/src/widgets/framework.dart:3982:15)
#1002   ComponentElement.performRebuild (package:flutter/src/widgets/framework.dart:5747:16)
#1003   StatefulElement.performRebuild (package:flutter/src/widgets/framework.dart:5884:11)
#1004   Element.rebuild (package:flutter/src/widgets/framework.dart:5435:7)
#1005   StatefulElement.update (package:flutter/src/widgets/framework.dart:5909:5)
#1006   Element.updateChild (package:flutter/src/widgets/framework.dart:3982:15)
#1007   ComponentElement.performRebuild (package:flutter/src/widgets/framework.dart:5747:16)
#1008   Element.rebuild (package:flutter/src/widgets/framework.dart:5435:7)
#1009   ProxyElement.update (package:flutter/src/widgets/framework.dart:6051:5)
#1010   Element.updateChild (package:flutter/src/widgets/framework.dart:3982:15)
#1011   ComponentElement.performRebuild (package:flutter/src/widgets/framework.dart:5747:16)
#1012   Element.rebuild (package:flutter/src/widgets/framework.dart:5435:7)
#1013   ProxyElement.update (package:flutter/src/widgets/framework.dart:6051:5)
#1014   Element.updateChild (package:flutter/src/widgets/framework.dart:3982:15)
#1015   _RawViewElement._updateChild (package:flutter/src/widgets/view.dart:481:16)
#1016   _RawViewElement.update (package:flutter/src/widgets/view.dart:568:5)
#1017   Element.updateChild (package:flutter/src/widgets/framework.dart:3982:15)
#1018   ComponentElement.performRebuild (package:flutter/src/widgets/framework.dart:5747:16)
#1019   Element.rebuild (package:flutter/src/widgets/framework.dart:5435:7)
#1020   StatelessElement.update (package:flutter/src/widgets/framework.dart:5797:5)
#1021   Element.updateChild (package:flutter/src/widgets/framework.dart:3982:15)
#1022   ComponentElement.performRebuild (package:flutter/src/widgets/framework.dart:5747:16)
#1023   StatefulElement.performRebuild (package:flutter/src/widgets/framework.dart:5884:11)
#1024   Element.rebuild (package:flutter/src/widgets/framework.dart:5435:7)
#1025   StatefulElement.update (package:flutter/src/widgets/framework.dart:5909:5)
#1026   Element.updateChild (package:flutter/src/widgets/framework.dart:3982:15)
#1027   RootElement._rebuild (package:flutter/src/widgets/binding.dart:1716:16)
#1028   RootElement.update (package:flutter/src/widgets/binding.dart:1694:5)
#1029   RootElement.performRebuild (package:flutter/src/widgets/binding.dart:1708:7)
#1030   Element.rebuild (package:flutter/src/widgets/framework.dart:5435:7)
#1031   BuildScope._tryRebuild (package:flutter/src/widgets/framework.dart:2695:15)
#1032   BuildScope._flushDirtyElements (package:flutter/src/widgets/framework.dart:2752:11)
#1033   BuildOwner.buildScope (package:flutter/src/widgets/framework.dart:3056:18)
#1034   AutomatedTestWidgetsFlutterBinding.drawFrame (package:flutter_test/src/binding.dart:1506:19)
#1035   RendererBinding._handlePersistentFrameCallback (package:flutter/src/rendering/binding.dart:495:5)
#1036   SchedulerBinding._invokeFrameCallback (package:flutter/src/scheduler/binding.dart:1434:15)
#1037   SchedulerBinding.handleDrawFrame (package:flutter/src/scheduler/binding.dart:1347:9)
#1038   AutomatedTestWidgetsFlutterBinding.pump.<anonymous closure> (package:flutter_test/src/binding.dart:1335:9)
#1041   TestAsyncUtils.guard (package:flutter_test/src/test_async_utils.dart:74:41)
#1042   AutomatedTestWidgetsFlutterBinding.pump (package:flutter_test/src/binding.dart:1324:27)
#1043   WidgetTester.pumpWidget.<anonymous closure> (package:flutter_test/src/widget_tester.dart:598:22)
#1046   TestAsyncUtils.guard (package:flutter_test/src/test_async_utils.dart:74:41)
#1047   WidgetTester.pumpWidget (package:flutter_test/src/widget_tester.dart:595:27)
#1048   main.<anonymous closure> (file:///C:/Users/aleji/git/incauca/APP/client/test/features/filters/list/views/filter_list_view_test.dart:72:18)
#1049   testWidgets.<anonymous closure>.<anonymous closure> (package:flutter_test/src/widget_tester.dart:192:29)
<asynchronous suspension>
#1050   TestWidgetsFlutterBinding._runTestBody (package:flutter_test/src/binding.dart:1059:5)
<asynchronous suspension>
<asynchronous suspension>
(elided 5 frames from dart:async and package:stack_trace)

ÔòÉÔòÉÔòÉÔòÉÔòÉÔòÉÔòÉÔòÉÔòÉÔòÉÔòÉÔòÉÔòÉÔòÉÔòÉÔòÉÔòÉÔòÉÔòÉÔòÉÔòÉÔòÉÔòÉÔòÉÔòÉÔòÉÔòÉÔòÉÔòÉÔòÉÔòÉÔòÉÔòÉÔòÉÔòÉÔòÉÔòÉÔòÉÔòÉÔòÉÔòÉÔòÉÔòÉÔòÉÔòÉÔòÉÔòÉÔòÉÔòÉÔòÉÔòÉÔòÉÔòÉÔòÉÔòÉÔòÉÔòÉÔòÉÔòÉÔòÉÔòÉÔòÉÔòÉÔòÉÔòÉÔòÉÔòÉÔòÉÔòÉÔòÉÔòÉÔòÉÔòÉÔòÉÔòÉÔòÉÔòÉÔòÉÔòÉÔòÉÔòÉÔòÉÔòÉÔòÉÔòÉÔòÉÔòÉÔòÉÔòÉÔòÉÔòÉÔòÉÔòÉÔòÉÔòÉÔòÉÔòÉÔòÉÔòÉÔòÉ
00:00 +0 -2: shows error message when state has error [E]
  Test failed. See exception logs above.
  The test description was: shows error message when state has error
  
00:00 +0 -2: renders list of filters when state has filters
ÔòÉÔòÉÔòí EXCEPTION CAUGHT BY WIDGETS LIBRARY Ôò×ÔòÉÔòÉÔòÉÔòÉÔòÉÔòÉÔòÉÔòÉÔòÉÔòÉÔòÉÔòÉÔòÉÔòÉÔòÉÔòÉÔòÉÔòÉÔòÉÔòÉÔòÉÔòÉÔòÉÔòÉÔòÉÔòÉÔòÉÔòÉÔòÉÔòÉÔòÉÔòÉÔòÉÔòÉÔòÉÔòÉÔòÉÔòÉÔòÉÔòÉÔòÉÔòÉÔòÉÔòÉÔòÉÔòÉÔòÉÔòÉÔòÉÔòÉÔòÉÔòÉÔòÉÔòÉÔòÉÔòÉÔòÉÔòÉÔòÉ
The following ProviderNotFoundException was thrown building NotificationsView:
Error: Could not find the correct Provider<NotificationsBloc> above this
BlocBuilder<NotificationsBloc, NotificationsState> Widget

This happens because you used a `BuildContext` that does not include the provider
of your choice. There are a few common scenarios:

- You added a new provider in your `main.dart` and performed a hot-reload.
  To fix, perform a hot-restart.

- The provider you are trying to read is in a different route.

  Providers are "scoped". So if you insert of provider inside a route, then
  other routes will not be able to access that provider.

- You used a `BuildContext` that is an ancestor of the provider you are trying to read.

  Make sure that BlocBuilder<NotificationsBloc, NotificationsState> is under your
MultiProvider/Provider<NotificationsBloc>.
  This usually happens when you are creating a provider and trying to read it immediately.

  For example, instead of:

  ```
  Widget build(BuildContext context) {
    return Provider<Example>(
      create: (_) => Example(),
      // Will throw a ProviderNotFoundError, because `context` is associated
      // to the widget that is the parent of `Provider<Example>`
      child: Text(context.watch<Example>().toString()),
    );
  }
  ```

  consider using `builder` like so:

  ```
  Widget build(BuildContext context) {
    return Provider<Example>(
      create: (_) => Example(),
      // we use `builder` to obtain a new `BuildContext` that has access to the provider
      builder: (context, child) {
        // No longer throws
        return Text(context.watch<Example>().toString());
      }
    );
  }
  ```

If none of these solutions work, consider asking for help on StackOverflow:
https://stackoverflow.com/questions/tagged/flutter

The relevant error-causing widget was:
  NotificationsView
  NotificationsView:file:///C:/Users/aleji/git/incauca/APP/client/lib/features/filters/list/views/filter_list_view.dart:235:21

When the exception was thrown, this was the stack:
#0      Provider._inheritedElementOf (package:provider/src/provider.dart:377:7)
#1      Provider.of (package:provider/src/provider.dart:327:30)
#2      ReadContext.read (package:provider/src/provider.dart:683:21)
#3      _BlocBuilderBaseState.initState (package:flutter_bloc/src/bloc_builder.dart:152:36)
#4      StatefulElement._firstBuild (package:flutter/src/widgets/framework.dart:5852:55)
#5      ComponentElement.mount (package:flutter/src/widgets/framework.dart:5699:5)
...     Normal element mounting (45 frames)
#50     Element.inflateWidget (package:flutter/src/widgets/framework.dart:4548:16)
#51     MultiChildRenderObjectElement.inflateWidget (package:flutter/src/widgets/framework.dart:7169:36)
#52     MultiChildRenderObjectElement.mount (package:flutter/src/widgets/framework.dart:7185:32)
...     Normal element mounting (31 frames)
#83     Element.inflateWidget (package:flutter/src/widgets/framework.dart:4548:16)
#84     MultiChildRenderObjectElement.inflateWidget (package:flutter/src/widgets/framework.dart:7169:36)
#85     MultiChildRenderObjectElement.mount (package:flutter/src/widgets/framework.dart:7185:32)
...     Normal element mounting (113 frames)
#198    SingleChildWidgetElementMixin.mount (package:nested/nested.dart:222:11)
...     Normal element mounting (23 frames)
#221    _InheritedProviderScopeElement.mount (package:provider/src/inherited_provider.dart:424:11)
...     Normal element mounting (7 frames)
#228    SingleChildWidgetElementMixin.mount (package:nested/nested.dart:222:11)
...     Normal element mounting (7 frames)
#235    SingleChildWidgetElementMixin.mount (package:nested/nested.dart:222:11)
...     Normal element mounting (234 frames)
#469    Element.inflateWidget (package:flutter/src/widgets/framework.dart:4548:16)
#470    MultiChildRenderObjectElement.inflateWidget (package:flutter/src/widgets/framework.dart:7169:36)
#471    MultiChildRenderObjectElement.mount (package:flutter/src/widgets/framework.dart:7185:32)
...     Normal element mounting (471 frames)
#942    _InheritedProviderScopeElement.mount (package:provider/src/inherited_provider.dart:424:11)
...     Normal element mounting (7 frames)
#949    SingleChildWidgetElementMixin.mount (package:nested/nested.dart:222:11)
...     Normal element mounting (7 frames)
#956    SingleChildWidgetElementMixin.mount (package:nested/nested.dart:222:11)
...     Normal element mounting (7 frames)
#963    _NestedHookElement.mount (package:nested/nested.dart:187:11)
...     Normal element mounting (7 frames)
#970    SingleChildWidgetElementMixin.mount (package:nested/nested.dart:222:11)
#971    Element.inflateWidget (package:flutter/src/widgets/framework.dart:4548:16)
#972    Element.updateChild (package:flutter/src/widgets/framework.dart:3998:20)
#973    ComponentElement.performRebuild (package:flutter/src/widgets/framework.dart:5747:16)
#974    Element.rebuild (package:flutter/src/widgets/framework.dart:5435:7)
#975    ProxyElement.update (package:flutter/src/widgets/framework.dart:6051:5)
#976    _InheritedNotifierElement.update (package:flutter/src/widgets/inherited_notifier.dart:108:11)
#977    Element.updateChild (package:flutter/src/widgets/framework.dart:3982:15)
#978    ComponentElement.performRebuild (package:flutter/src/widgets/framework.dart:5747:16)
#979    StatefulElement.performRebuild (package:flutter/src/widgets/framework.dart:5884:11)
#980    Element.rebuild (package:flutter/src/widgets/framework.dart:5435:7)
#981    StatefulElement.update (package:flutter/src/widgets/framework.dart:5909:5)
#982    Element.updateChild (package:flutter/src/widgets/framework.dart:3982:15)
#983    ComponentElement.performRebuild (package:flutter/src/widgets/framework.dart:5747:16)
#984    Element.rebuild (package:flutter/src/widgets/framework.dart:5435:7)
#985    ProxyElement.update (package:flutter/src/widgets/framework.dart:6051:5)
#986    _InheritedNotifierElement.update (package:flutter/src/widgets/inherited_notifier.dart:108:11)
#987    Element.updateChild (package:flutter/src/widgets/framework.dart:3982:15)
#988    ComponentElement.performRebuild (package:flutter/src/widgets/framework.dart:5747:16)
#989    StatefulElement.performRebuild (package:flutter/src/widgets/framework.dart:5884:11)
#990    Element.rebuild (package:flutter/src/widgets/framework.dart:5435:7)
#991    StatefulElement.update (package:flutter/src/widgets/framework.dart:5909:5)
#992    Element.updateChild (package:flutter/src/widgets/framework.dart:3982:15)
#993    ComponentElement.performRebuild (package:flutter/src/widgets/framework.dart:5747:16)
#994    StatefulElement.performRebuild (package:flutter/src/widgets/framework.dart:5884:11)
#995    Element.rebuild (package:flutter/src/widgets/framework.dart:5435:7)
#996    StatefulElement.update (package:flutter/src/widgets/framework.dart:5909:5)
#997    Element.updateChild (package:flutter/src/widgets/framework.dart:3982:15)
#998    ComponentElement.performRebuild (package:flutter/src/widgets/framework.dart:5747:16)
#999    Element.rebuild (package:flutter/src/widgets/framework.dart:5435:7)
#1000   ProxyElement.update (package:flutter/src/widgets/framework.dart:6051:5)
#1001   Element.updateChild (package:flutter/src/widgets/framework.dart:3982:15)
#1002   ComponentElement.performRebuild (package:flutter/src/widgets/framework.dart:5747:16)
#1003   StatefulElement.performRebuild (package:flutter/src/widgets/framework.dart:5884:11)
#1004   Element.rebuild (package:flutter/src/widgets/framework.dart:5435:7)
#1005   StatefulElement.update (package:flutter/src/widgets/framework.dart:5909:5)
#1006   Element.updateChild (package:flutter/src/widgets/framework.dart:3982:15)
#1007   ComponentElement.performRebuild (package:flutter/src/widgets/framework.dart:5747:16)
#1008   Element.rebuild (package:flutter/src/widgets/framework.dart:5435:7)
#1009   ProxyElement.update (package:flutter/src/widgets/framework.dart:6051:5)
#1010   Element.updateChild (package:flutter/src/widgets/framework.dart:3982:15)
#1011   ComponentElement.performRebuild (package:flutter/src/widgets/framework.dart:5747:16)
#1012   Element.rebuild (package:flutter/src/widgets/framework.dart:5435:7)
#1013   ProxyElement.update (package:flutter/src/widgets/framework.dart:6051:5)
#1014   Element.updateChild (package:flutter/src/widgets/framework.dart:3982:15)
#1015   _RawViewElement._updateChild (package:flutter/src/widgets/view.dart:481:16)
#1016   _RawViewElement.update (package:flutter/src/widgets/view.dart:568:5)
#1017   Element.updateChild (package:flutter/src/widgets/framework.dart:3982:15)
#1018   ComponentElement.performRebuild (package:flutter/src/widgets/framework.dart:5747:16)
#1019   Element.rebuild (package:flutter/src/widgets/framework.dart:5435:7)
#1020   StatelessElement.update (package:flutter/src/widgets/framework.dart:5797:5)
#1021   Element.updateChild (package:flutter/src/widgets/framework.dart:3982:15)
#1022   ComponentElement.performRebuild (package:flutter/src/widgets/framework.dart:5747:16)
#1023   StatefulElement.performRebuild (package:flutter/src/widgets/framework.dart:5884:11)
#1024   Element.rebuild (package:flutter/src/widgets/framework.dart:5435:7)
#1025   StatefulElement.update (package:flutter/src/widgets/framework.dart:5909:5)
#1026   Element.updateChild (package:flutter/src/widgets/framework.dart:3982:15)
#1027   RootElement._rebuild (package:flutter/src/widgets/binding.dart:1716:16)
#1028   RootElement.update (package:flutter/src/widgets/binding.dart:1694:5)
#1029   RootElement.performRebuild (package:flutter/src/widgets/binding.dart:1708:7)
#1030   Element.rebuild (package:flutter/src/widgets/framework.dart:5435:7)
#1031   BuildScope._tryRebuild (package:flutter/src/widgets/framework.dart:2695:15)
#1032   BuildScope._flushDirtyElements (package:flutter/src/widgets/framework.dart:2752:11)
#1033   BuildOwner.buildScope (package:flutter/src/widgets/framework.dart:3056:18)
#1034   AutomatedTestWidgetsFlutterBinding.drawFrame (package:flutter_test/src/binding.dart:1506:19)
#1035   RendererBinding._handlePersistentFrameCallback (package:flutter/src/rendering/binding.dart:495:5)
#1036   SchedulerBinding._invokeFrameCallback (package:flutter/src/scheduler/binding.dart:1434:15)
#1037   SchedulerBinding.handleDrawFrame (package:flutter/src/scheduler/binding.dart:1347:9)
#1038   AutomatedTestWidgetsFlutterBinding.pump.<anonymous closure> (package:flutter_test/src/binding.dart:1335:9)
#1041   TestAsyncUtils.guard (package:flutter_test/src/test_async_utils.dart:74:41)
#1042   AutomatedTestWidgetsFlutterBinding.pump (package:flutter_test/src/binding.dart:1324:27)
#1043   WidgetTester.pumpWidget.<anonymous closure> (package:flutter_test/src/widget_tester.dart:598:22)
#1046   TestAsyncUtils.guard (package:flutter_test/src/test_async_utils.dart:74:41)
#1047   WidgetTester.pumpWidget (package:flutter_test/src/widget_tester.dart:595:27)
#1048   main.<anonymous closure> (file:///C:/Users/aleji/git/incauca/APP/client/test/features/filters/list/views/filter_list_view_test.dart:97:18)
#1049   testWidgets.<anonymous closure>.<anonymous closure> (package:flutter_test/src/widget_tester.dart:192:29)
<asynchronous suspension>
#1050   TestWidgetsFlutterBinding._runTestBody (package:flutter_test/src/binding.dart:1059:5)
<asynchronous suspension>
<asynchronous suspension>
(elided 5 frames from dart:async and package:stack_trace)

ÔòÉÔòÉÔòÉÔòÉÔòÉÔòÉÔòÉÔòÉÔòÉÔòÉÔòÉÔòÉÔòÉÔòÉÔòÉÔòÉÔòÉÔòÉÔòÉÔòÉÔòÉÔòÉÔòÉÔòÉÔòÉÔòÉÔòÉÔòÉÔòÉÔòÉÔòÉÔòÉÔòÉÔòÉÔòÉÔòÉÔòÉÔòÉÔòÉÔòÉÔòÉÔòÉÔòÉÔòÉÔòÉÔòÉÔòÉÔòÉÔòÉÔòÉÔòÉÔòÉÔòÉÔòÉÔòÉÔòÉÔòÉÔòÉÔòÉÔòÉÔòÉÔòÉÔòÉÔòÉÔòÉÔòÉÔòÉÔòÉÔòÉÔòÉÔòÉÔòÉÔòÉÔòÉÔòÉÔòÉÔòÉÔòÉÔòÉÔòÉÔòÉÔòÉÔòÉÔòÉÔòÉÔòÉÔòÉÔòÉÔòÉÔòÉÔòÉÔòÉÔòÉÔòÉÔòÉÔòÉÔòÉÔòÉÔòÉÔòÉ
00:00 +0 -3: renders list of filters when state has filters [E]
  Test failed. See exception logs above.
  The test description was: renders list of filters when state has filters
  
00:00 +0 -3: shows empty message when no filters found
ÔòÉÔòÉÔòí EXCEPTION CAUGHT BY WIDGETS LIBRARY Ôò×ÔòÉÔòÉÔòÉÔòÉÔòÉÔòÉÔòÉÔòÉÔòÉÔòÉÔòÉÔòÉÔòÉÔòÉÔòÉÔòÉÔòÉÔòÉÔòÉÔòÉÔòÉÔòÉÔòÉÔòÉÔòÉÔòÉÔòÉÔòÉÔòÉÔòÉÔòÉÔòÉÔòÉÔòÉÔòÉÔòÉÔòÉÔòÉÔòÉÔòÉÔòÉÔòÉÔòÉÔòÉÔòÉÔòÉÔòÉÔòÉÔòÉÔòÉÔòÉÔòÉÔòÉÔòÉÔòÉÔòÉÔòÉÔòÉÔòÉ
The following ProviderNotFoundException was thrown building NotificationsView:
Error: Could not find the correct Provider<NotificationsBloc> above this
BlocBuilder<NotificationsBloc, NotificationsState> Widget

This happens because you used a `BuildContext` that does not include the provider
of your choice. There are a few common scenarios:

- You added a new provider in your `main.dart` and performed a hot-reload.
  To fix, perform a hot-restart.

- The provider you are trying to read is in a different route.

  Providers are "scoped". So if you insert of provider inside a route, then
  other routes will not be able to access that provider.

- You used a `BuildContext` that is an ancestor of the provider you are trying to read.

  Make sure that BlocBuilder<NotificationsBloc, NotificationsState> is under your
MultiProvider/Provider<NotificationsBloc>.
  This usually happens when you are creating a provider and trying to read it immediately.

  For example, instead of:

  ```
  Widget build(BuildContext context) {
    return Provider<Example>(
      create: (_) => Example(),
      // Will throw a ProviderNotFoundError, because `context` is associated
      // to the widget that is the parent of `Provider<Example>`
      child: Text(context.watch<Example>().toString()),
    );
  }
  ```

  consider using `builder` like so:

  ```
  Widget build(BuildContext context) {
    return Provider<Example>(
      create: (_) => Example(),
      // we use `builder` to obtain a new `BuildContext` that has access to the provider
      builder: (context, child) {
        // No longer throws
        return Text(context.watch<Example>().toString());
      }
    );
  }
  ```

If none of these solutions work, consider asking for help on StackOverflow:
https://stackoverflow.com/questions/tagged/flutter

The relevant error-causing widget was:
  NotificationsView
  NotificationsView:file:///C:/Users/aleji/git/incauca/APP/client/lib/features/filters/list/views/filter_list_view.dart:235:21

When the exception was thrown, this was the stack:
#0      Provider._inheritedElementOf (package:provider/src/provider.dart:377:7)
#1      Provider.of (package:provider/src/provider.dart:327:30)
#2      ReadContext.read (package:provider/src/provider.dart:683:21)
#3      _BlocBuilderBaseState.initState (package:flutter_bloc/src/bloc_builder.dart:152:36)
#4      StatefulElement._firstBuild (package:flutter/src/widgets/framework.dart:5852:55)
#5      ComponentElement.mount (package:flutter/src/widgets/framework.dart:5699:5)
...     Normal element mounting (45 frames)
#50     Element.inflateWidget (package:flutter/src/widgets/framework.dart:4548:16)
#51     MultiChildRenderObjectElement.inflateWidget (package:flutter/src/widgets/framework.dart:7169:36)
#52     MultiChildRenderObjectElement.mount (package:flutter/src/widgets/framework.dart:7185:32)
...     Normal element mounting (31 frames)
#83     Element.inflateWidget (package:flutter/src/widgets/framework.dart:4548:16)
#84     MultiChildRenderObjectElement.inflateWidget (package:flutter/src/widgets/framework.dart:7169:36)
#85     MultiChildRenderObjectElement.mount (package:flutter/src/widgets/framework.dart:7185:32)
...     Normal element mounting (113 frames)
#198    SingleChildWidgetElementMixin.mount (package:nested/nested.dart:222:11)
...     Normal element mounting (23 frames)
#221    _InheritedProviderScopeElement.mount (package:provider/src/inherited_provider.dart:424:11)
...     Normal element mounting (7 frames)
#228    SingleChildWidgetElementMixin.mount (package:nested/nested.dart:222:11)
...     Normal element mounting (7 frames)
#235    SingleChildWidgetElementMixin.mount (package:nested/nested.dart:222:11)
...     Normal element mounting (234 frames)
#469    Element.inflateWidget (package:flutter/src/widgets/framework.dart:4548:16)
#470    MultiChildRenderObjectElement.inflateWidget (package:flutter/src/widgets/framework.dart:7169:36)
#471    MultiChildRenderObjectElement.mount (package:flutter/src/widgets/framework.dart:7185:32)
...     Normal element mounting (471 frames)
#942    _InheritedProviderScopeElement.mount (package:provider/src/inherited_provider.dart:424:11)
...     Normal element mounting (7 frames)
#949    SingleChildWidgetElementMixin.mount (package:nested/nested.dart:222:11)
...     Normal element mounting (7 frames)
#956    SingleChildWidgetElementMixin.mount (package:nested/nested.dart:222:11)
...     Normal element mounting (7 frames)
#963    _NestedHookElement.mount (package:nested/nested.dart:187:11)
...     Normal element mounting (7 frames)
#970    SingleChildWidgetElementMixin.mount (package:nested/nested.dart:222:11)
#971    Element.inflateWidget (package:flutter/src/widgets/framework.dart:4548:16)
#972    Element.updateChild (package:flutter/src/widgets/framework.dart:3998:20)
#973    ComponentElement.performRebuild (package:flutter/src/widgets/framework.dart:5747:16)
#974    Element.rebuild (package:flutter/src/widgets/framework.dart:5435:7)
#975    ProxyElement.update (package:flutter/src/widgets/framework.dart:6051:5)
#976    _InheritedNotifierElement.update (package:flutter/src/widgets/inherited_notifier.dart:108:11)
#977    Element.updateChild (package:flutter/src/widgets/framework.dart:3982:15)
#978    ComponentElement.performRebuild (package:flutter/src/widgets/framework.dart:5747:16)
#979    StatefulElement.performRebuild (package:flutter/src/widgets/framework.dart:5884:11)
#980    Element.rebuild (package:flutter/src/widgets/framework.dart:5435:7)
#981    StatefulElement.update (package:flutter/src/widgets/framework.dart:5909:5)
#982    Element.updateChild (package:flutter/src/widgets/framework.dart:3982:15)
#983    ComponentElement.performRebuild (package:flutter/src/widgets/framework.dart:5747:16)
#984    Element.rebuild (package:flutter/src/widgets/framework.dart:5435:7)
#985    ProxyElement.update (package:flutter/src/widgets/framework.dart:6051:5)
#986    _InheritedNotifierElement.update (package:flutter/src/widgets/inherited_notifier.dart:108:11)
#987    Element.updateChild (package:flutter/src/widgets/framework.dart:3982:15)
#988    ComponentElement.performRebuild (package:flutter/src/widgets/framework.dart:5747:16)
#989    StatefulElement.performRebuild (package:flutter/src/widgets/framework.dart:5884:11)
#990    Element.rebuild (package:flutter/src/widgets/framework.dart:5435:7)
#991    StatefulElement.update (package:flutter/src/widgets/framework.dart:5909:5)
#992    Element.updateChild (package:flutter/src/widgets/framework.dart:3982:15)
#993    ComponentElement.performRebuild (package:flutter/src/widgets/framework.dart:5747:16)
#994    StatefulElement.performRebuild (package:flutter/src/widgets/framework.dart:5884:11)
#995    Element.rebuild (package:flutter/src/widgets/framework.dart:5435:7)
#996    StatefulElement.update (package:flutter/src/widgets/framework.dart:5909:5)
#997    Element.updateChild (package:flutter/src/widgets/framework.dart:3982:15)
#998    ComponentElement.performRebuild (package:flutter/src/widgets/framework.dart:5747:16)
#999    Element.rebuild (package:flutter/src/widgets/framework.dart:5435:7)
#1000   ProxyElement.update (package:flutter/src/widgets/framework.dart:6051:5)
#1001   Element.updateChild (package:flutter/src/widgets/framework.dart:3982:15)
#1002   ComponentElement.performRebuild (package:flutter/src/widgets/framework.dart:5747:16)
#1003   StatefulElement.performRebuild (package:flutter/src/widgets/framework.dart:5884:11)
#1004   Element.rebuild (package:flutter/src/widgets/framework.dart:5435:7)
#1005   StatefulElement.update (package:flutter/src/widgets/framework.dart:5909:5)
#1006   Element.updateChild (package:flutter/src/widgets/framework.dart:3982:15)
#1007   ComponentElement.performRebuild (package:flutter/src/widgets/framework.dart:5747:16)
#1008   Element.rebuild (package:flutter/src/widgets/framework.dart:5435:7)
#1009   ProxyElement.update (package:flutter/src/widgets/framework.dart:6051:5)
#1010   Element.updateChild (package:flutter/src/widgets/framework.dart:3982:15)
#1011   ComponentElement.performRebuild (package:flutter/src/widgets/framework.dart:5747:16)
#1012   Element.rebuild (package:flutter/src/widgets/framework.dart:5435:7)
#1013   ProxyElement.update (package:flutter/src/widgets/framework.dart:6051:5)
#1014   Element.updateChild (package:flutter/src/widgets/framework.dart:3982:15)
#1015   _RawViewElement._updateChild (package:flutter/src/widgets/view.dart:481:16)
#1016   _RawViewElement.update (package:flutter/src/widgets/view.dart:568:5)
#1017   Element.updateChild (package:flutter/src/widgets/framework.dart:3982:15)
#1018   ComponentElement.performRebuild (package:flutter/src/widgets/framework.dart:5747:16)
#1019   Element.rebuild (package:flutter/src/widgets/framework.dart:5435:7)
#1020   StatelessElement.update (package:flutter/src/widgets/framework.dart:5797:5)
#1021   Element.updateChild (package:flutter/src/widgets/framework.dart:3982:15)
#1022   ComponentElement.performRebuild (package:flutter/src/widgets/framework.dart:5747:16)
#1023   StatefulElement.performRebuild (package:flutter/src/widgets/framework.dart:5884:11)
#1024   Element.rebuild (package:flutter/src/widgets/framework.dart:5435:7)
#1025   StatefulElement.update (package:flutter/src/widgets/framework.dart:5909:5)
#1026   Element.updateChild (package:flutter/src/widgets/framework.dart:3982:15)
#1027   RootElement._rebuild (package:flutter/src/widgets/binding.dart:1716:16)
#1028   RootElement.update (package:flutter/src/widgets/binding.dart:1694:5)
#1029   RootElement.performRebuild (package:flutter/src/widgets/binding.dart:1708:7)
#1030   Element.rebuild (package:flutter/src/widgets/framework.dart:5435:7)
#1031   BuildScope._tryRebuild (package:flutter/src/widgets/framework.dart:2695:15)
#1032   BuildScope._flushDirtyElements (package:flutter/src/widgets/framework.dart:2752:11)
#1033   BuildOwner.buildScope (package:flutter/src/widgets/framework.dart:3056:18)
#1034   AutomatedTestWidgetsFlutterBinding.drawFrame (package:flutter_test/src/binding.dart:1506:19)
#1035   RendererBinding._handlePersistentFrameCallback (package:flutter/src/rendering/binding.dart:495:5)
#1036   SchedulerBinding._invokeFrameCallback (package:flutter/src/scheduler/binding.dart:1434:15)
#1037   SchedulerBinding.handleDrawFrame (package:flutter/src/scheduler/binding.dart:1347:9)
#1038   AutomatedTestWidgetsFlutterBinding.pump.<anonymous closure> (package:flutter_test/src/binding.dart:1335:9)
#1041   TestAsyncUtils.guard (package:flutter_test/src/test_async_utils.dart:74:41)
#1042   AutomatedTestWidgetsFlutterBinding.pump (package:flutter_test/src/binding.dart:1324:27)
#1043   WidgetTester.pumpWidget.<anonymous closure> (package:flutter_test/src/widget_tester.dart:598:22)
#1046   TestAsyncUtils.guard (package:flutter_test/src/test_async_utils.dart:74:41)
#1047   WidgetTester.pumpWidget (package:flutter_test/src/widget_tester.dart:595:27)
#1048   main.<anonymous closure> (file:///C:/Users/aleji/git/incauca/APP/client/test/features/filters/list/views/filter_list_view_test.dart:108:18)
#1049   testWidgets.<anonymous closure>.<anonymous closure> (package:flutter_test/src/widget_tester.dart:192:29)
<asynchronous suspension>
#1050   TestWidgetsFlutterBinding._runTestBody (package:flutter_test/src/binding.dart:1059:5)
<asynchronous suspension>
<asynchronous suspension>
(elided 5 frames from dart:async and package:stack_trace)

ÔòÉÔòÉÔòÉÔòÉÔòÉÔòÉÔòÉÔòÉÔòÉÔòÉÔòÉÔòÉÔòÉÔòÉÔòÉÔòÉÔòÉÔòÉÔòÉÔòÉÔòÉÔòÉÔòÉÔòÉÔòÉÔòÉÔòÉÔòÉÔòÉÔòÉÔòÉÔòÉÔòÉÔòÉÔòÉÔòÉÔòÉÔòÉÔòÉÔòÉÔòÉÔòÉÔòÉÔòÉÔòÉÔòÉÔòÉÔòÉÔòÉÔòÉÔòÉÔòÉÔòÉÔòÉÔòÉÔòÉÔòÉÔòÉÔòÉÔòÉÔòÉÔòÉÔòÉÔòÉÔòÉÔòÉÔòÉÔòÉÔòÉÔòÉÔòÉÔòÉÔòÉÔòÉÔòÉÔòÉÔòÉÔòÉÔòÉÔòÉÔòÉÔòÉÔòÉÔòÉÔòÉÔòÉÔòÉÔòÉÔòÉÔòÉÔòÉÔòÉÔòÉÔòÉÔòÉÔòÉÔòÉÔòÉÔòÉÔòÉ
00:01 +0 -4: shows empty message when no filters found [E]
  Test failed. See exception logs above.
  The test description was: shows empty message when no filters found
  
00:01 +0 -4: opens filter sheet when filter icon is pressed
ÔòÉÔòÉÔòí EXCEPTION CAUGHT BY WIDGETS LIBRARY Ôò×ÔòÉÔòÉÔòÉÔòÉÔòÉÔòÉÔòÉÔòÉÔòÉÔòÉÔòÉÔòÉÔòÉÔòÉÔòÉÔòÉÔòÉÔòÉÔòÉÔòÉÔòÉÔòÉÔòÉÔòÉÔòÉÔòÉÔòÉÔòÉÔòÉÔòÉÔòÉÔòÉÔòÉÔòÉÔòÉÔòÉÔòÉÔòÉÔòÉÔòÉÔòÉÔòÉÔòÉÔòÉÔòÉÔòÉÔòÉÔòÉÔòÉÔòÉÔòÉÔòÉÔòÉÔòÉÔòÉÔòÉÔòÉÔòÉÔòÉ
The following ProviderNotFoundException was thrown building NotificationsView:
Error: Could not find the correct Provider<NotificationsBloc> above this
BlocBuilder<NotificationsBloc, NotificationsState> Widget

This happens because you used a `BuildContext` that does not include the provider
of your choice. There are a few common scenarios:

- You added a new provider in your `main.dart` and performed a hot-reload.
  To fix, perform a hot-restart.

- The provider you are trying to read is in a different route.

  Providers are "scoped". So if you insert of provider inside a route, then
  other routes will not be able to access that provider.

- You used a `BuildContext` that is an ancestor of the provider you are trying to read.

  Make sure that BlocBuilder<NotificationsBloc, NotificationsState> is under your
MultiProvider/Provider<NotificationsBloc>.
  This usually happens when you are creating a provider and trying to read it immediately.

  For example, instead of:

  ```
  Widget build(BuildContext context) {
    return Provider<Example>(
      create: (_) => Example(),
      // Will throw a ProviderNotFoundError, because `context` is associated
      // to the widget that is the parent of `Provider<Example>`
      child: Text(context.watch<Example>().toString()),
    );
  }
  ```

  consider using `builder` like so:

  ```
  Widget build(BuildContext context) {
    return Provider<Example>(
      create: (_) => Example(),
      // we use `builder` to obtain a new `BuildContext` that has access to the provider
      builder: (context, child) {
        // No longer throws
        return Text(context.watch<Example>().toString());
      }
    );
  }
  ```

If none of these solutions work, consider asking for help on StackOverflow:
https://stackoverflow.com/questions/tagged/flutter

The relevant error-causing widget was:
  NotificationsView
  NotificationsView:file:///C:/Users/aleji/git/incauca/APP/client/lib/features/filters/list/views/filter_list_view.dart:235:21

When the exception was thrown, this was the stack:
#0      Provider._inheritedElementOf (package:provider/src/provider.dart:377:7)
#1      Provider.of (package:provider/src/provider.dart:327:30)
#2      ReadContext.read (package:provider/src/provider.dart:683:21)
#3      _BlocBuilderBaseState.initState (package:flutter_bloc/src/bloc_builder.dart:152:36)
#4      StatefulElement._firstBuild (package:flutter/src/widgets/framework.dart:5852:55)
#5      ComponentElement.mount (package:flutter/src/widgets/framework.dart:5699:5)
...     Normal element mounting (45 frames)
#50     Element.inflateWidget (package:flutter/src/widgets/framework.dart:4548:16)
#51     MultiChildRenderObjectElement.inflateWidget (package:flutter/src/widgets/framework.dart:7169:36)
#52     MultiChildRenderObjectElement.mount (package:flutter/src/widgets/framework.dart:7185:32)
...     Normal element mounting (31 frames)
#83     Element.inflateWidget (package:flutter/src/widgets/framework.dart:4548:16)
#84     MultiChildRenderObjectElement.inflateWidget (package:flutter/src/widgets/framework.dart:7169:36)
#85     MultiChildRenderObjectElement.mount (package:flutter/src/widgets/framework.dart:7185:32)
...     Normal element mounting (113 frames)
#198    SingleChildWidgetElementMixin.mount (package:nested/nested.dart:222:11)
...     Normal element mounting (23 frames)
#221    _InheritedProviderScopeElement.mount (package:provider/src/inherited_provider.dart:424:11)
...     Normal element mounting (7 frames)
#228    SingleChildWidgetElementMixin.mount (package:nested/nested.dart:222:11)
...     Normal element mounting (7 frames)
#235    SingleChildWidgetElementMixin.mount (package:nested/nested.dart:222:11)
...     Normal element mounting (234 frames)
#469    Element.inflateWidget (package:flutter/src/widgets/framework.dart:4548:16)
#470    MultiChildRenderObjectElement.inflateWidget (package:flutter/src/widgets/framework.dart:7169:36)
#471    MultiChildRenderObjectElement.mount (package:flutter/src/widgets/framework.dart:7185:32)
...     Normal element mounting (471 frames)
#942    _InheritedProviderScopeElement.mount (package:provider/src/inherited_provider.dart:424:11)
...     Normal element mounting (7 frames)
#949    SingleChildWidgetElementMixin.mount (package:nested/nested.dart:222:11)
...     Normal element mounting (7 frames)
#956    SingleChildWidgetElementMixin.mount (package:nested/nested.dart:222:11)
...     Normal element mounting (7 frames)
#963    _NestedHookElement.mount (package:nested/nested.dart:187:11)
...     Normal element mounting (7 frames)
#970    SingleChildWidgetElementMixin.mount (package:nested/nested.dart:222:11)
#971    Element.inflateWidget (package:flutter/src/widgets/framework.dart:4548:16)
#972    Element.updateChild (package:flutter/src/widgets/framework.dart:3998:20)
#973    ComponentElement.performRebuild (package:flutter/src/widgets/framework.dart:5747:16)
#974    Element.rebuild (package:flutter/src/widgets/framework.dart:5435:7)
#975    ProxyElement.update (package:flutter/src/widgets/framework.dart:6051:5)
#976    _InheritedNotifierElement.update (package:flutter/src/widgets/inherited_notifier.dart:108:11)
#977    Element.updateChild (package:flutter/src/widgets/framework.dart:3982:15)
#978    ComponentElement.performRebuild (package:flutter/src/widgets/framework.dart:5747:16)
#979    StatefulElement.performRebuild (package:flutter/src/widgets/framework.dart:5884:11)
#980    Element.rebuild (package:flutter/src/widgets/framework.dart:5435:7)
#981    StatefulElement.update (package:flutter/src/widgets/framework.dart:5909:5)
#982    Element.updateChild (package:flutter/src/widgets/framework.dart:3982:15)
#983    ComponentElement.performRebuild (package:flutter/src/widgets/framework.dart:5747:16)
#984    Element.rebuild (package:flutter/src/widgets/framework.dart:5435:7)
#985    ProxyElement.update (package:flutter/src/widgets/framework.dart:6051:5)
#986    _InheritedNotifierElement.update (package:flutter/src/widgets/inherited_notifier.dart:108:11)
#987    Element.updateChild (package:flutter/src/widgets/framework.dart:3982:15)
#988    ComponentElement.performRebuild (package:flutter/src/widgets/framework.dart:5747:16)
#989    StatefulElement.performRebuild (package:flutter/src/widgets/framework.dart:5884:11)
#990    Element.rebuild (package:flutter/src/widgets/framework.dart:5435:7)
#991    StatefulElement.update (package:flutter/src/widgets/framework.dart:5909:5)
#992    Element.updateChild (package:flutter/src/widgets/framework.dart:3982:15)
#993    ComponentElement.performRebuild (package:flutter/src/widgets/framework.dart:5747:16)
#994    StatefulElement.performRebuild (package:flutter/src/widgets/framework.dart:5884:11)
#995    Element.rebuild (package:flutter/src/widgets/framework.dart:5435:7)
#996    StatefulElement.update (package:flutter/src/widgets/framework.dart:5909:5)
#997    Element.updateChild (package:flutter/src/widgets/framework.dart:3982:15)
#998    ComponentElement.performRebuild (package:flutter/src/widgets/framework.dart:5747:16)
#999    Element.rebuild (package:flutter/src/widgets/framework.dart:5435:7)
#1000   ProxyElement.update (package:flutter/src/widgets/framework.dart:6051:5)
#1001   Element.updateChild (package:flutter/src/widgets/framework.dart:3982:15)
#1002   ComponentElement.performRebuild (package:flutter/src/widgets/framework.dart:5747:16)
#1003   StatefulElement.performRebuild (package:flutter/src/widgets/framework.dart:5884:11)
#1004   Element.rebuild (package:flutter/src/widgets/framework.dart:5435:7)
#1005   StatefulElement.update (package:flutter/src/widgets/framework.dart:5909:5)
#1006   Element.updateChild (package:flutter/src/widgets/framework.dart:3982:15)
#1007   ComponentElement.performRebuild (package:flutter/src/widgets/framework.dart:5747:16)
#1008   Element.rebuild (package:flutter/src/widgets/framework.dart:5435:7)
#1009   ProxyElement.update (package:flutter/src/widgets/framework.dart:6051:5)
#1010   Element.updateChild (package:flutter/src/widgets/framework.dart:3982:15)
#1011   ComponentElement.performRebuild (package:flutter/src/widgets/framework.dart:5747:16)
#1012   Element.rebuild (package:flutter/src/widgets/framework.dart:5435:7)
#1013   ProxyElement.update (package:flutter/src/widgets/framework.dart:6051:5)
#1014   Element.updateChild (package:flutter/src/widgets/framework.dart:3982:15)
#1015   _RawViewElement._updateChild (package:flutter/src/widgets/view.dart:481:16)
#1016   _RawViewElement.update (package:flutter/src/widgets/view.dart:568:5)
#1017   Element.updateChild (package:flutter/src/widgets/framework.dart:3982:15)
#1018   ComponentElement.performRebuild (package:flutter/src/widgets/framework.dart:5747:16)
#1019   Element.rebuild (package:flutter/src/widgets/framework.dart:5435:7)
#1020   StatelessElement.update (package:flutter/src/widgets/framework.dart:5797:5)
#1021   Element.updateChild (package:flutter/src/widgets/framework.dart:3982:15)
#1022   ComponentElement.performRebuild (package:flutter/src/widgets/framework.dart:5747:16)
#1023   StatefulElement.performRebuild (package:flutter/src/widgets/framework.dart:5884:11)
#1024   Element.rebuild (package:flutter/src/widgets/framework.dart:5435:7)
#1025   StatefulElement.update (package:flutter/src/widgets/framework.dart:5909:5)
#1026   Element.updateChild (package:flutter/src/widgets/framework.dart:3982:15)
#1027   RootElement._rebuild (package:flutter/src/widgets/binding.dart:1716:16)
#1028   RootElement.update (package:flutter/src/widgets/binding.dart:1694:5)
#1029   RootElement.performRebuild (package:flutter/src/widgets/binding.dart:1708:7)
#1030   Element.rebuild (package:flutter/src/widgets/framework.dart:5435:7)
#1031   BuildScope._tryRebuild (package:flutter/src/widgets/framework.dart:2695:15)
#1032   BuildScope._flushDirtyElements (package:flutter/src/widgets/framework.dart:2752:11)
#1033   BuildOwner.buildScope (package:flutter/src/widgets/framework.dart:3056:18)
#1034   AutomatedTestWidgetsFlutterBinding.drawFrame (package:flutter_test/src/binding.dart:1506:19)
#1035   RendererBinding._handlePersistentFrameCallback (package:flutter/src/rendering/binding.dart:495:5)
#1036   SchedulerBinding._invokeFrameCallback (package:flutter/src/scheduler/binding.dart:1434:15)
#1037   SchedulerBinding.handleDrawFrame (package:flutter/src/scheduler/binding.dart:1347:9)
#1038   AutomatedTestWidgetsFlutterBinding.pump.<anonymous closure> (package:flutter_test/src/binding.dart:1335:9)
#1041   TestAsyncUtils.guard (package:flutter_test/src/test_async_utils.dart:74:41)
#1042   AutomatedTestWidgetsFlutterBinding.pump (package:flutter_test/src/binding.dart:1324:27)
#1043   WidgetTester.pumpWidget.<anonymous closure> (package:flutter_test/src/widget_tester.dart:598:22)
#1046   TestAsyncUtils.guard (package:flutter_test/src/test_async_utils.dart:74:41)
#1047   WidgetTester.pumpWidget (package:flutter_test/src/widget_tester.dart:595:27)
#1048   main.<anonymous closure> (file:///C:/Users/aleji/git/incauca/APP/client/test/features/filters/list/views/filter_list_view_test.dart:116:18)
#1049   testWidgets.<anonymous closure>.<anonymous closure> (package:flutter_test/src/widget_tester.dart:192:29)
<asynchronous suspension>
#1050   TestWidgetsFlutterBinding._runTestBody (package:flutter_test/src/binding.dart:1059:5)
<asynchronous suspension>
<asynchronous suspension>
(elided 5 frames from dart:async and package:stack_trace)

ÔòÉÔòÉÔòÉÔòÉÔòÉÔòÉÔòÉÔòÉÔòÉÔòÉÔòÉÔòÉÔòÉÔòÉÔòÉÔòÉÔòÉÔòÉÔòÉÔòÉÔòÉÔòÉÔòÉÔòÉÔòÉÔòÉÔòÉÔòÉÔòÉÔòÉÔòÉÔòÉÔòÉÔòÉÔòÉÔòÉÔòÉÔòÉÔòÉÔòÉÔòÉÔòÉÔòÉÔòÉÔòÉÔòÉÔòÉÔòÉÔòÉÔòÉÔòÉÔòÉÔòÉÔòÉÔòÉÔòÉÔòÉÔòÉÔòÉÔòÉÔòÉÔòÉÔòÉÔòÉÔòÉÔòÉÔòÉÔòÉÔòÉÔòÉÔòÉÔòÉÔòÉÔòÉÔòÉÔòÉÔòÉÔòÉÔòÉÔòÉÔòÉÔòÉÔòÉÔòÉÔòÉÔòÉÔòÉÔòÉÔòÉÔòÉÔòÉÔòÉÔòÉÔòÉÔòÉÔòÉÔòÉÔòÉÔòÉÔòÉ
00:01 +0 -5: opens filter sheet when filter icon is pressed [E]
  Test failed. See exception logs above.
  The test description was: opens filter sheet when filter icon is pressed
  
00:01 +0 -5: (tearDownAll)
00:01 +0 -5: Some tests failed.
